// Jest Snapshot v1, https://goo.gl/fbAQLP

exports[`App renders concatenated string 1`] = `
<div
  styleName="app-style"
>
  <div
    className="navbar-container"
  >
    <div
      className="navbar-container--padded"
    >
      <div
        className="navbar-logo"
      >
        <div
          className="logo-container"
        >
          <span
            className="logo-wordmark"
          >
            SIXURB
          </span>
        </div>
      </div>
      <div
        className="navbar-hamburger"
      >
        <div
          className="hamburger-container"
        >
          <a
            href="#"
          >
            <div
              className="hamburger-vertical-bar"
            />
            <div
              className="hamburger-vertical-bar"
            />
            <div
              className="hamburger-vertical-bar"
            />
          </a>
        </div>
      </div>
    </div>
  </div>
  <header
    className="header"
  >
    <h1
      className="header-heading"
    >
      Hello World, This Is Dog
    </h1>
    <span
      className="header-subheading"
    >
      This is a subheading
    </span>
  </header>
  <div
    className="hero-container"
  >
    <div
      className="hero-image-container"
    >
      <img
        className="hero-image"
        src={undefined}
      />
    </div>
    <div
      className="hero-caption-container"
    >
      <span
        className="hero-caption"
      >
        This is the image caption
      </span>
    </div>
  </div>
  <div
    className="social-media-links-container"
  >
    <div
      className="social-media-links-buttons"
    >
      <div
        className="button--round"
        style={
          Object {
            "backgroundColor": "#006EC5",
          }
        }
      >
        <div
          className="button-text"
        >
          C
        </div>
      </div>
      <div
        className="button--round"
        style={
          Object {
            "backgroundColor": "#60B8FF",
          }
        }
      >
        <div
          className="button-text"
        >
          C
        </div>
      </div>
      <div
        className="button--round"
        style={
          Object {
            "backgroundColor": "#C59300",
          }
        }
      >
        <div
          className="button-text"
        >
          C
        </div>
      </div>
    </div>
  </div>
  <article
    className="article"
  >
    <p
      className="paragraph"
    >
      Lorem ipsum dolor sit amet, consectetur adipisicing elit, sed do eiusmod tempor incididunt ut labore et dolore magna aliqua. Ut enim ad minim veniam, quis nostrud exercitation ullamco laboris nisi ut aliquip ex ea commodo consequat. Duis aute irure dolor in reprehenderit in voluptate velit esse cillum dolore eu fugiat nulla pariatur. Excepteur sint occaecat cupidatat non proident, sunt in culpa qui officia deserunt mollit anim id est laborum.
    </p>
    <p
      className="paragraph"
    >
      Lorem ipsum dolor sit amet, consectetur adipisicing elit, sed do eiusmod tempor incididunt ut labore et dolore magna aliqua. Ut enim ad minim veniam, quis nostrud exercitation ullamco laboris nisi ut aliquip ex ea commodo consequat. Duis aute irure dolor in reprehenderit in voluptate velit esse cillum dolore eu fugiat nulla pariatur. Excepteur sint occaecat cupidatat non proident, sunt in culpa qui officia deserunt mollit anim id est laborum.
    </p>
    <p
      className="paragraph"
    >
      Lorem ipsum dolor sit amet, consectetur adipisicing elit, sed do eiusmod tempor incididunt ut labore et dolore magna aliqua. Ut enim ad minim veniam, quis nostrud exercitation ullamco laboris nisi ut aliquip ex ea commodo consequat. Duis aute irure dolor in reprehenderit in voluptate velit esse cillum dolore eu fugiat nulla pariatur. Excepteur sint occaecat cupidatat non proident, sunt in culpa qui officia deserunt mollit anim id est laborum.
    </p>
    <p
      className="paragraph"
    >
      Lorem ipsum dolor sit amet, consectetur adipisicing elit, sed do eiusmod tempor incididunt ut labore et dolore magna aliqua. Ut enim ad minim veniam, quis nostrud exercitation ullamco laboris nisi ut aliquip ex ea commodo consequat. Duis aute irure dolor in reprehenderit in voluptate velit esse cillum dolore eu fugiat nulla pariatur. Excepteur sint occaecat cupidatat non proident, sunt in culpa qui officia deserunt mollit anim id est laborum.
    </p>
    <p
      className="paragraph"
    >
      Lorem ipsum dolor sit amet, consectetur adipisicing elit, sed do eiusmod tempor incididunt ut labore et dolore magna aliqua. Ut enim ad minim veniam, quis nostrud exercitation ullamco laboris nisi ut aliquip ex ea commodo consequat. Duis aute irure dolor in reprehenderit in voluptate velit esse cillum dolore eu fugiat nulla pariatur. Excepteur sint occaecat cupidatat non proident, sunt in culpa qui officia deserunt mollit anim id est laborum.
    </p>
  </article>
  <div
    className="related-tags-container"
  >
    <div
      className="related-tags-row"
    >
      <h4
        className="related-tags-text"
      >
        Filed Under
      </h4>
      <div>
        <ul>
          <li
            className="related-tags-list-item"
          >
            <div
              className="tag-container"
            >
              <span
                className="tag-text"
              >
                Lorem
              </span>
            </div>
          </li>
          <li
            className="related-tags-list-item"
          >
            <div
              className="tag-container"
            >
              <span
                className="tag-text"
              >
                Ipsum
              </span>
            </div>
          </li>
        </ul>
      </div>
    </div>
  </div>
  <div
    className="subscription-box-container"
  >
    <div
      className="subscription-box"
    >
      <h4
        className="subscription-box-text"
      >
        Newsletter
      </h4>
      <div>
        <div
          className="input-container"
        >
          <form>
            <input
              className="input-box"
              placeholder="Email"
              type="email"
            />
            <button
              className="input-button"
            >
              Subscribe
            </button>
          </form>
        </div>
      </div>
    </div>
  </div>
  <div
    className="advert-unit-container"
  >
    <span
      className="advert-designation-text"
    >
      Ad
    </span>
    <div
      className="advert-container"
    />
  </div>
</div>
`;
